frankenjax-suxf-pass23|fj-egraph|safe_single_literal_commutative_fast_path|baseline_add_zero_mean_us=8.9266|after_add_zero_mean_us=1.4878|baseline_mul_one_mean_us=9.2561|after_mul_one_mean_us=1.4836|add_fingerprint=in=[v0,]const=[]out=[v1,]eqn:add(f64bits:0,v0,)->v1,{}||mul_fingerprint=in=[v0,]const=[]out=[v1,]eqn:mul(f64bits:4607182418800017408,v0,)->v1,{}||eval_arg_f64=3.5|mode=safe_default|ordering=tie_breaking_fp_rng_preserved
