bead=frankenjax-p1vbf.39
target=linalg/matmul_2d_2048x2048x2048_f64
profile_basis=pass165_ts1_gemm2048_median_103.92ms
candidate_primitive=recursive_or_strassen_gemm
current_contract=bit_exact_ascending_k_matmul
rtol=not_admitted_for_direct_matmul_contract
atol=not_admitted_for_direct_matmul_contract
nan_signed_zero_policy=preserve_current_to_bits_contract
decision=do_not_ship_fp_reordered_gemm_without_new_explicit_tolerance_fixture
next_profile_backed_primitive=frankenjax-p1vbf.40_kc_major_packed_b_layout
