{"primitive":"i64_same_shape_comparison","lhs":[-5,0,7,-9223372036854775808,9223372036854775807,42],"rhs":[-5,1,-7,9223372036854775807,-9223372036854775808,42],"eq":[true,false,false,false,false,true],"ne":[false,true,true,true,true,false],"lt":[false,true,false,true,false,false],"le":[true,true,false,true,false,true],"gt":[false,false,true,false,true,false],"ge":[true,false,true,false,true,true]}
